<sequence_node size='2'>
  <declaration_node name='x' qualifier='private' type='integer'>
  </declaration_node>
  <program_node>
    <block_node>
      <declarations>
      </declarations>
      <instructions>
        <sequence_node size='2'>
          <write_node newline='true'>
            <sequence_node size='1'>
              <sub_node>
                <rvalue_node>
                  <variable_node>x</variable_node>
                </rvalue_node>
                <rvalue_node>
                  <variable_node>x</variable_node>
                </rvalue_node>
              </sub_node>
            </sequence_node>
          </write_node>
          <return_node>
              <integer_node>0</integer_node>
          </return_node>
        </sequence_node>
      </instructions>
    </block_node>
  </program_node>
</sequence_node>
