<sequence_node size='2'>
  <declaration_node name='x' qualifier='private' type='integer'>
  </declaration_node>
  <program_node>
    <block_node>
      <declarations>
      </declarations>
      <instructions>
        <sequence_node size='3'>
          <evaluation_node>
            <assignment_node>
                <variable_node>x</variable_node>
                <integer_node>4</integer_node>
            </assignment_node>
          </evaluation_node>
          <write_node newline='true'>
            <sequence_node size='1'>
              <rvalue_node>
                <variable_node>x</variable_node>
              </rvalue_node>
            </sequence_node>
          </write_node>
          <return_node>
              <integer_node>0</integer_node>
          </return_node>
        </sequence_node>
      </instructions>
    </block_node>
  </program_node>
</sequence_node>
