<sequence_node size='3'>
  <declaration_node name='x' qualifier='private' type='integer'>
    <initializer>
      <integer_node>10</integer_node>
    </initializer>
  </declaration_node>
  <declaration_node name='y' qualifier='private' type='integer'>
    <initializer>
      <integer_node>3</integer_node>
    </initializer>
  </declaration_node>
  <program_node>
    <block_node>
      <declarations>
      </declarations>
      <instructions>
        <sequence_node size='2'>
          <write_node newline='true'>
            <sequence_node size='1'>
              <ge_node>
                <rvalue_node>
                  <variable_node>y</variable_node>
                </rvalue_node>
                <rvalue_node>
                  <variable_node>x</variable_node>
                </rvalue_node>
              </ge_node>
            </sequence_node>
          </write_node>
          <return_node>
              <integer_node>0</integer_node>
          </return_node>
        </sequence_node>
      </instructions>
    </block_node>
  </program_node>
</sequence_node>
