<sequence_node size='2'>
  <declaration_node name='x' qualifier='private' type='integer'>
    <initializer>
      <integer_node>1</integer_node>
    </initializer>
  </declaration_node>
  <program_node>
    <block_node>
      <declarations>
      </declarations>
      <instructions>
        <sequence_node size='2'>
          <while_node>
            <condition>
              <le_node>
                <rvalue_node>
                  <variable_node>x</variable_node>
                </rvalue_node>
                <integer_node>3</integer_node>
              </le_node>
            </condition>
            <block>
              <block_node>
                <declarations>
                </declarations>
                <instructions>
                  <sequence_node size='2'>
                    <write_node newline='true'>
                      <sequence_node size='1'>
                        <rvalue_node>
                          <variable_node>x</variable_node>
                        </rvalue_node>
                      </sequence_node>
                    </write_node>
                    <evaluation_node>
                      <assignment_node>
                          <variable_node>x</variable_node>
                          <add_node>
                            <rvalue_node>
                              <variable_node>x</variable_node>
                            </rvalue_node>
                            <integer_node>1</integer_node>
                          </add_node>
                      </assignment_node>
                    </evaluation_node>
                  </sequence_node>
                </instructions>
              </block_node>
            </block>
          </while_node>
          <return_node>
              <integer_node>0</integer_node>
          </return_node>
        </sequence_node>
      </instructions>
    </block_node>
  </program_node>
</sequence_node>
