<sequence_node size='1'>
  <program_node>
    <block_node>
      <declarations>
      </declarations>
      <instructions>
        <sequence_node size='1'>
          <write_node newline='true'>
            <sequence_node size='1'>
              <sizeof_node>
                <double_node>1.1</double_node>
              </sizeof_node>
            </sequence_node>
          </write_node>
        </sequence_node>
      </instructions>
    </block_node>
  </program_node>
</sequence_node>
