<sequence_node size='2'>
  <declaration_node name='argc' qualifier='foreign' type='integer<>'>
  </declaration_node>
  <program_node>
    <block_node>
      <declarations>
      </declarations>
      <instructions>
        <sequence_node size='2'>
          <write_node newline='true'>
            <sequence_node size='1'>
              <function_call_node>
                <function pointer>
                  <rvalue_node>
                    <variable_node>argc</variable_node>
                  </rvalue_node>
                </function pointer>
                <arguments>
                  <sequence_node size='0'>
                  </sequence_node>
                </arguments>
              </function_call_node>
            </sequence_node>
          </write_node>
          <return_node>
              <integer_node>0</integer_node>
          </return_node>
        </sequence_node>
      </instructions>
    </block_node>
  </program_node>
</sequence_node>
