<sequence_node size='2'>
  <declaration_node name='f' qualifier='private' type='var'>
    <initializer>
      <function_definition_node return_type='integer'>
        <arguments>
          <sequence_node size='1'>
            <declaration_node name='x' qualifier='private' type='integer'>
            </declaration_node>
          </sequence_node>
        </arguments>
        <block_node>
          <declarations>
          </declarations>
          <instructions>
            <sequence_node size='1'>
              <return_node>
                  <add_node>
                    <integer_node>1</integer_node>
                    <rvalue_node>
                      <variable_node>x</variable_node>
                    </rvalue_node>
                  </add_node>
              </return_node>
            </sequence_node>
          </instructions>
        </block_node>
      </function_definition_node>
    </initializer>
  </declaration_node>
  <program_node>
    <block_node>
      <declarations>
      </declarations>
      <instructions>
        <sequence_node size='2'>
          <write_node newline='true'>
            <sequence_node size='1'>
              <function_call_node>
                <function pointer>
                  <rvalue_node>
                    <variable_node>f</variable_node>
                  </rvalue_node>
                </function pointer>
                <arguments>
                  <sequence_node size='1'>
                    <integer_node>3</integer_node>
                  </sequence_node>
                </arguments>
              </function_call_node>
            </sequence_node>
          </write_node>
          <return_node>
              <integer_node>0</integer_node>
          </return_node>
        </sequence_node>
      </instructions>
    </block_node>
  </program_node>
</sequence_node>
