<sequence_node size='4'>
  <declaration_node name='g' qualifier='use' type='function with output integer and inputs (integer)'>
  </declaration_node>
  <declaration_node name='f' qualifier='private' type='var'>
    <initializer>
      <function_definition_node return_type='integer'>
        <arguments>
          <sequence_node size='1'>
            <declaration_node name='s' qualifier='private' type='string'>
            </declaration_node>
          </sequence_node>
        </arguments>
        <block_node>
          <declarations>
          </declarations>
          <instructions>
            <sequence_node size='2'>
              <write_node newline='true'>
                <sequence_node size='1'>
                  <rvalue_node>
                    <variable_node>s</variable_node>
                  </rvalue_node>
                </sequence_node>
              </write_node>
              <return_node>
                  <integer_node>10</integer_node>
              </return_node>
            </sequence_node>
          </instructions>
        </block_node>
      </function_definition_node>
    </initializer>
  </declaration_node>
  <declaration_node name='g' qualifier='private' type='var'>
    <initializer>
      <function_definition_node return_type='integer'>
        <arguments>
          <sequence_node size='1'>
            <declaration_node name='n' qualifier='private' type='integer'>
            </declaration_node>
          </sequence_node>
        </arguments>
        <block_node>
          <declarations>
          </declarations>
          <instructions>
            <sequence_node size='2'>
              <write_node newline='true'>
                <sequence_node size='1'>
                  <rvalue_node>
                    <variable_node>n</variable_node>
                  </rvalue_node>
                </sequence_node>
              </write_node>
              <return_node>
                  <integer_node>10</integer_node>
              </return_node>
            </sequence_node>
          </instructions>
        </block_node>
      </function_definition_node>
    </initializer>
  </declaration_node>
  <program_node>
    <block_node>
      <declarations>
      </declarations>
      <instructions>
        <sequence_node size='2'>
          <evaluation_node>
            <function_call_node>
              <function pointer>
                <rvalue_node>
                  <variable_node>f</variable_node>
                </rvalue_node>
              </function pointer>
              <arguments>
                <sequence_node size='1'>
                  <string_node>ola</string_node>
                </sequence_node>
              </arguments>
            </function_call_node>
          </evaluation_node>
          <return_node>
              <integer_node>0</integer_node>
          </return_node>
        </sequence_node>
      </instructions>
    </block_node>
  </program_node>
</sequence_node>
