<sequence_node size='2'>
  <declaration_node name='f' qualifier='private' type='pointer to double'>
  </declaration_node>
  <program_node>
    <block_node>
      <declarations>
      </declarations>
      <instructions>
        <sequence_node size='6'>
          <evaluation_node>
            <assignment_node>
                <variable_node>f</variable_node>
                <stack_alloc_node>
                  <integer_node>2</integer_node>
                </stack_alloc_node>
            </assignment_node>
          </evaluation_node>
          <evaluation_node>
            <assignment_node>
                <index_node>
                  <base>
                    <rvalue_node>
                      <variable_node>f</variable_node>
                    </rvalue_node>
                  </base>
                  <index>
                    <integer_node>0</integer_node>
                  </index>
                </index_node>
                <double_node>6200</double_node>
            </assignment_node>
          </evaluation_node>
          <evaluation_node>
            <assignment_node>
                <index_node>
                  <base>
                    <rvalue_node>
                      <variable_node>f</variable_node>
                    </rvalue_node>
                  </base>
                  <index>
                    <integer_node>1</integer_node>
                  </index>
                </index_node>
                <double_node>3100</double_node>
            </assignment_node>
          </evaluation_node>
          <write_node newline='true'>
            <sequence_node size='1'>
              <rvalue_node>
                <index_node>
                  <base>
                    <rvalue_node>
                      <variable_node>f</variable_node>
                    </rvalue_node>
                  </base>
                  <index>
                    <integer_node>0</integer_node>
                  </index>
                </index_node>
              </rvalue_node>
            </sequence_node>
          </write_node>
          <write_node newline='true'>
            <sequence_node size='1'>
              <rvalue_node>
                <index_node>
                  <base>
                    <rvalue_node>
                      <variable_node>f</variable_node>
                    </rvalue_node>
                  </base>
                  <index>
                    <integer_node>1</integer_node>
                  </index>
                </index_node>
              </rvalue_node>
            </sequence_node>
          </write_node>
          <return_node>
              <integer_node>0</integer_node>
          </return_node>
        </sequence_node>
      </instructions>
    </block_node>
  </program_node>
</sequence_node>
