<sequence_node size='3'>
  <declaration_node name='f' qualifier='private' type='pointer to double'>
  </declaration_node>
  <declaration_node name='d' qualifier='private' type='double'>
    <initializer>
      <integer_node>4</integer_node>
    </initializer>
  </declaration_node>
  <program_node>
    <block_node>
      <declarations>
        <sequence_node size='2'>
          <declaration_node name='i' qualifier='private' type='integer'>
            <initializer>
              <integer_node>0</integer_node>
            </initializer>
          </declaration_node>
          <declaration_node name='j' qualifier='private' type='integer'>
            <initializer>
              <integer_node>0</integer_node>
            </initializer>
          </declaration_node>
        </sequence_node>
      </declarations>
      <instructions>
        <sequence_node size='5'>
          <evaluation_node>
            <assignment_node>
                <variable_node>f</variable_node>
                <stack_alloc_node>
                  <integer_node>7</integer_node>
                </stack_alloc_node>
            </assignment_node>
          </evaluation_node>
          <while_node>
            <condition>
              <lt_node>
                <rvalue_node>
                  <variable_node>i</variable_node>
                </rvalue_node>
                <integer_node>6</integer_node>
              </lt_node>
            </condition>
            <block>
              <block_node>
                <declarations>
                </declarations>
                <instructions>
                  <sequence_node size='2'>
                    <evaluation_node>
                      <assignment_node>
                          <index_node>
                            <base>
                              <rvalue_node>
                                <variable_node>f</variable_node>
                              </rvalue_node>
                            </base>
                            <index>
                              <rvalue_node>
                                <variable_node>i</variable_node>
                              </rvalue_node>
                            </index>
                          </index_node>
                          <rvalue_node>
                            <variable_node>d</variable_node>
                          </rvalue_node>
                      </assignment_node>
                    </evaluation_node>
                    <evaluation_node>
                      <assignment_node>
                          <variable_node>i</variable_node>
                          <add_node>
                            <rvalue_node>
                              <variable_node>i</variable_node>
                            </rvalue_node>
                            <integer_node>1</integer_node>
                          </add_node>
                      </assignment_node>
                    </evaluation_node>
                  </sequence_node>
                </instructions>
              </block_node>
            </block>
          </while_node>
          <evaluation_node>
            <assignment_node>
                <index_node>
                  <base>
                    <rvalue_node>
                      <variable_node>f</variable_node>
                    </rvalue_node>
                  </base>
                  <index>
                    <rvalue_node>
                      <variable_node>i</variable_node>
                    </rvalue_node>
                  </index>
                </index_node>
                <mul_node>
                  <rvalue_node>
                    <variable_node>d</variable_node>
                  </rvalue_node>
                  <rvalue_node>
                    <variable_node>d</variable_node>
                  </rvalue_node>
                </mul_node>
            </assignment_node>
          </evaluation_node>
          <while_node>
            <condition>
              <lt_node>
                <rvalue_node>
                  <variable_node>j</variable_node>
                </rvalue_node>
                <integer_node>7</integer_node>
              </lt_node>
            </condition>
            <block>
              <block_node>
                <declarations>
                </declarations>
                <instructions>
                  <sequence_node size='2'>
                    <write_node newline='true'>
                      <sequence_node size='1'>
                        <rvalue_node>
                          <index_node>
                            <base>
                              <rvalue_node>
                                <variable_node>f</variable_node>
                              </rvalue_node>
                            </base>
                            <index>
                              <rvalue_node>
                                <variable_node>j</variable_node>
                              </rvalue_node>
                            </index>
                          </index_node>
                        </rvalue_node>
                      </sequence_node>
                    </write_node>
                    <evaluation_node>
                      <assignment_node>
                          <variable_node>j</variable_node>
                          <add_node>
                            <rvalue_node>
                              <variable_node>j</variable_node>
                            </rvalue_node>
                            <integer_node>1</integer_node>
                          </add_node>
                      </assignment_node>
                    </evaluation_node>
                  </sequence_node>
                </instructions>
              </block_node>
            </block>
          </while_node>
          <return_node>
              <integer_node>0</integer_node>
          </return_node>
        </sequence_node>
      </instructions>
    </block_node>
  </program_node>
</sequence_node>
